%!Adobe-FontList 1.20
%Locale:0x1809

%BeginFont
Handler:DirectoryHandler
FontType:TrueType
FontName:ArbutusSlab-Regular
FamilyName:Arbutus Slab
StyleName:Regular
FullName:Arbutus Slab Regular
MenuName:Arbutus Slab
StyleBits:0
WritingScript:Roman
OutlineFileName:\\visielifps01.eu.jnj.com\home$\ziwanek\EarlyTalentPrograms\EarlyTalentPrograms_interactive Folder\Document fonts\ArbutusSlab-Regular.ttf
DataFormat:sfntData
hasSVG:no
VariableFontType:NonVariableFont
FileLength:67256
FileModTime:1553089624
WeightClass:400
WidthClass:5
AngleClass:0
NameArray:0,Win,1,Arbutus Slab
%EndFont

%BeginFont
Handler:DirectoryHandler
FontType:Type1
FontName:J&JCircular-Black
FamilyName:J&J Circular
StyleName:Black
FullName:J&J Circular Black
MenuName:J&J Circular Black
StyleBits:0
WritingScript:Roman
OutlineFileName:\\visielifps01.eu.jnj.com\home$\ziwanek\EarlyTalentPrograms\EarlyTalentPrograms_interactive Folder\Document fonts\J&J Circular-Black_1.otf
DataFormat:sfntData
UsesStandardEncoding:yes
isCFF:yes
hasSVG:no
VariableFontType:NonVariableFont
FileLength:97240
FileModTime:1563453891
WeightClass:900
WidthClass:5
AngleClass:0
NameArray:0,Mac,4,J&J Circular Black
NameArray:0,Win,1,J&J Circular Black
NameArray:0,Win,16,J&J Circular
%EndFont

%BeginFont
Handler:DirectoryHandler
FontType:Type1
FontName:J&JCircular-Bold
FamilyName:J&J Circular
StyleName:Bold
FullName:J&J Circular Bold
MenuName:J&J Circular Bold
StyleBits:0
WritingScript:Roman
OutlineFileName:\\visielifps01.eu.jnj.com\home$\ziwanek\EarlyTalentPrograms\EarlyTalentPrograms_interactive Folder\Document fonts\J&J Circular-Bold_0.otf
DataFormat:sfntData
UsesStandardEncoding:yes
isCFF:yes
hasSVG:no
VariableFontType:NonVariableFont
FileLength:97020
FileModTime:1563453962
WeightClass:700
WidthClass:5
AngleClass:0
NameArray:0,Mac,4,J&J Circular Bold
NameArray:0,Win,1,J&J Circular Bold
NameArray:0,Win,16,J&J Circular
%EndFont

%BeginFont
Handler:DirectoryHandler
FontType:Type1
FontName:J&JCircular-Book
FamilyName:J&J Circular
StyleName:Book
FullName:J&J Circular Book
MenuName:J&J Circular Book
StyleBits:0
WritingScript:Roman
OutlineFileName:\\visielifps01.eu.jnj.com\home$\ziwanek\EarlyTalentPrograms\EarlyTalentPrograms_interactive Folder\Document fonts\J&J Circular-Book_0.otf
DataFormat:sfntData
UsesStandardEncoding:yes
isCFF:yes
hasSVG:no
VariableFontType:NonVariableFont
FileLength:88440
FileModTime:1563453963
WeightClass:450
WidthClass:5
AngleClass:0
NameArray:0,Mac,4,J&J Circular Book
NameArray:0,Win,1,J&J Circular Book
NameArray:0,Win,16,J&J Circular
%EndFont

%BeginFont
Handler:DirectoryHandler
FontType:Type1
FontName:J&JCircular-Medium
FamilyName:J&J Circular
StyleName:Medium
FullName:J&J Circular Medium
MenuName:J&J Circular Medium
StyleBits:0
WritingScript:Roman
OutlineFileName:\\visielifps01.eu.jnj.com\home$\ziwanek\EarlyTalentPrograms\EarlyTalentPrograms_interactive Folder\Document fonts\J&J Circular-Medium_0.otf
DataFormat:sfntData
UsesStandardEncoding:yes
isCFF:yes
hasSVG:no
VariableFontType:NonVariableFont
FileLength:96508
FileModTime:1563453962
WeightClass:500
WidthClass:5
AngleClass:0
NameArray:0,Mac,4,J&J Circular Medium
NameArray:0,Win,1,J&J Circular Medium
NameArray:0,Win,16,J&J Circular
%EndFont

%BeginFont
Handler:DirectoryHandler
FontType:Type1
FontName:MinionPro-Regular
FamilyName:Minion Pro
StyleName:Regular
FullName:Minion Pro
MenuName:Minion Pro
StyleBits:0
WritingScript:Roman
OutlineFileName:\\visielifps01.eu.jnj.com\home$\ziwanek\EarlyTalentPrograms\EarlyTalentPrograms_interactive Folder\Document fonts\MinionPro-Regular.otf
DataFormat:sfntData
UsesStandardEncoding:yes
isCFF:yes
hasSVG:no
VariableFontType:NonVariableFont
FileLength:218640
FileModTime:1449691795
WeightClass:400
WidthClass:5
AngleClass:0
DesignSize:110
NameArray:0,Mac,4,Minion Pro
NameArray:0,Win,1,Minion Pro
%EndFont

